
Merging program properties

Removed property 0xc0000002 to merge arch/i386/crtbegin.o (0x3) and arch/i386/crti.o (not found)
Removed property 0xc0000002 to merge arch/i386/crtbegin.o (not found) and arch/i386/crtend.o (0x3)

Discarded input sections

 .note.gnu.property
                0x00000000       0x1c arch/i386/crtbegin.o
 .group         0x00000000        0x8 arch/i386/tty.o
 .group         0x00000000        0x8 arch/i386/tty.o
 .group         0x00000000        0x8 arch/i386/tty.o
 .group         0x00000000        0x8 kernel.o
 .note.gnu.property
                0x00000000       0x1c arch/i386/crtend.o

Memory Configuration

Name             Origin             Length             Attributes
*default*        0x00000000         0xffffffff

Linker script and memory map

                0x00100000                        . = 0x100000

.text           0x00100000        0xc
 *(.multiboot)
 .multiboot     0x00100000        0xc ../boot/boot.o

.iplt           0x0010000c        0x0
 .iplt          0x0010000c        0x0 arch/i386/crti.o

.text.__x86.get_pc_thunk.ax
                0x0010000c        0x4
 .text.__x86.get_pc_thunk.ax
                0x0010000c        0x4 arch/i386/tty.o
                0x0010000c                __x86.get_pc_thunk.ax

.text.__x86.get_pc_thunk.dx
                0x00100010        0x4
 .text.__x86.get_pc_thunk.dx
                0x00100010        0x4 arch/i386/tty.o
                0x00100010                __x86.get_pc_thunk.dx

.text.__x86.get_pc_thunk.si
                0x00100014        0x4
 .text.__x86.get_pc_thunk.si
                0x00100014        0x4 arch/i386/tty.o
                0x00100014                __x86.get_pc_thunk.si

.text.__x86.get_pc_thunk.bx
                0x00100018        0x4
 .text.__x86.get_pc_thunk.bx
                0x00100018        0x4 kernel.o
                0x00100018                __x86.get_pc_thunk.bx

.text           0x00101000      0x54d
 *(.text)
 .text          0x00101000       0xb6 arch/i386/crtbegin.o
 *fill*         0x001010b6        0xa 
 .text          0x001010c0       0x14 ../boot/boot.o
                0x001010c0                _start
 *fill*         0x001010d4        0xc 
 .text          0x001010e0      0x34c arch/i386/tty.o
                0x001010e0                terminal_clear
                0x00101120                terminal_initialize
                0x00101190                terminal_setcolor
                0x001011b0                terminal_putentryat
                0x001011f0                terminal_putchar
                0x00101260                terminal_write
                0x00101310                terminal_writestring
                0x001013e0                strlen
                0x00101410                terminal_println
 *fill*         0x0010142c        0x4 
 .text          0x00101430      0x11d kernel.o
                0x00101430                printlogo
                0x00101530                kernel_main
 .text          0x0010154d        0x0 arch/i386/crtend.o

.rodata
 *(.rodata)

.init           0x0010154d        0x5
 .init          0x0010154d        0x3 arch/i386/crti.o
                0x0010154d                _init
 .init          0x00101550        0x2 arch/i386/crtn.o

.fini           0x00101552        0x5
 .fini          0x00101552        0x3 arch/i386/crti.o
                0x00101552                _fini
 .fini          0x00101555        0x2 arch/i386/crtn.o

.eh_frame       0x00101558      0x1e4
 .eh_frame      0x00101558      0x188 arch/i386/tty.o
 .eh_frame      0x001016e0       0x58 kernel.o
                                 0x70 (size before relaxing)
 .eh_frame      0x00101738        0x4 arch/i386/crtend.o

.rodata.str1.4  0x0010173c      0x2ce
 .rodata.str1.4
                0x0010173c      0x2ce kernel.o

.got            0x00101a0c        0x0
 .got           0x00101a0c        0x0 arch/i386/crti.o

.got.plt        0x00101a0c        0xc
 .got.plt       0x00101a0c        0xc arch/i386/crti.o
                0x00101a0c                _GLOBAL_OFFSET_TABLE_

.igot.plt       0x00101a18        0x0
 .igot.plt      0x00101a18        0x0 arch/i386/crti.o

.data           0x00101a18        0x8
 .data          0x00101a18        0x4 arch/i386/crtbegin.o
                0x00101a18                __dso_handle
 .data          0x00101a1c        0x4 arch/i386/tty.o
                0x00101a1c                terminal_buffer
 .data          0x00101a20        0x0 kernel.o
 .data          0x00101a20        0x0 arch/i386/crtend.o

.tm_clone_table
                0x00101a20        0x0
 .tm_clone_table
                0x00101a20        0x0 arch/i386/crtbegin.o
 .tm_clone_table
                0x00101a20        0x0 arch/i386/crtend.o

.fini_array     0x00101a20        0x4
 .fini_array    0x00101a20        0x4 arch/i386/crtbegin.o

.init_array     0x00101a24        0x4
 .init_array    0x00101a24        0x4 arch/i386/crtbegin.o

.rel.dyn        0x00101a28        0x0
 .rel.got       0x00101a28        0x0 arch/i386/crti.o
 .rel.iplt      0x00101a28        0x0 arch/i386/crti.o
 .rel.text      0x00101a28        0x0 arch/i386/crti.o

.bss            0x00102000     0x401c
 *(COMMON)
 *(.bss)
 .bss           0x00102000        0x1 arch/i386/crtbegin.o
 *fill*         0x00102001        0xf 
 .bss           0x00102010     0x4000 ../boot/boot.o
 .bss           0x00106010        0xc arch/i386/tty.o
                0x00106010                terminal_color
                0x00106014                terminal_column
                0x00106018                terminal_row
 .bss           0x0010601c        0x0 kernel.o
 .bss           0x0010601c        0x0 arch/i386/crtend.o
LOAD arch/i386/crti.o
LOAD arch/i386/crtbegin.o
LOAD ../boot/boot.o
LOAD arch/i386/tty.o
LOAD kernel.o
LOAD arch/i386/crtend.o
LOAD arch/i386/crtn.o
OUTPUT(test.kernel elf32-i386)

.comment        0x00000000       0x2d
 .comment       0x00000000       0x2d arch/i386/crtbegin.o
                                 0x2e (size before relaxing)
 .comment       0x0000002d       0x2e arch/i386/tty.o
 .comment       0x0000002d       0x2e kernel.o
 .comment       0x0000002d       0x2e arch/i386/crtend.o

.note.GNU-stack
                0x00000000        0x0
 .note.GNU-stack
                0x00000000        0x0 arch/i386/crtbegin.o
 .note.GNU-stack
                0x00000000        0x0 arch/i386/tty.o
 .note.GNU-stack
                0x00000000        0x0 kernel.o
 .note.GNU-stack
                0x00000000        0x0 arch/i386/crtend.o

.debug_info     0x00000000      0x87a
 .debug_info    0x00000000      0x68e arch/i386/tty.o
 .debug_info    0x0000068e      0x1ec kernel.o

.debug_abbrev   0x00000000      0x2c5
 .debug_abbrev  0x00000000      0x20a arch/i386/tty.o
 .debug_abbrev  0x0000020a       0xbb kernel.o

.debug_loclists
                0x00000000      0x2d9
 .debug_loclists
                0x00000000      0x2d9 arch/i386/tty.o

.debug_aranges  0x00000000       0x40
 .debug_aranges
                0x00000000       0x20 arch/i386/tty.o
 .debug_aranges
                0x00000020       0x20 kernel.o

.debug_rnglists
                0x00000000       0xcb
 .debug_rnglists
                0x00000000       0xcb arch/i386/tty.o

.debug_line     0x00000000      0x4ab
 .debug_line    0x00000000      0x422 arch/i386/tty.o
 .debug_line    0x00000422       0x89 kernel.o

.debug_str      0x00000000      0x349
 .debug_str     0x00000000      0x349 arch/i386/tty.o
                                0x360 (size before relaxing)
 .debug_str     0x00000349      0x163 kernel.o

.debug_line_str
                0x00000000       0xa0
 .debug_line_str
                0x00000000       0xa0 arch/i386/tty.o
                                 0xc9 (size before relaxing)
 .debug_line_str
                0x000000a0       0x83 kernel.o
